test/cli/suggest-singleton/suggest-singleton.rb:9: Method `foo` does not exist on `T.class_of(A)` https://srb.help/7003
     9 |A.foo
        ^^^^^
    test/cli/suggest-singleton/suggest-singleton.rb:3: Did you mean: `A#foo`?
     3 |  def foo
          ^^^^^^^

test/cli/suggest-singleton/suggest-singleton.rb:10: Method `bar` does not exist on `A` https://srb.help/7003
    10 |A.new.bar
        ^^^^^^^^^
    test/cli/suggest-singleton/suggest-singleton.rb:5: Did you mean: `A.bar`?
     5 |  def self.bar
          ^^^^^^^^^^^^
Errors: 2
